warning: 'workspace': found 14 file(s) which are unhandled; explicitly declare them as resources or exclude from the target
    /Users/scottkellar/Projects/hive/.hive/worktrees/anna/workspace/Tests/WorkspaceCoreTests/Fixtures-dense/routing-policy-corpus.json
    /Users/scottkellar/Projects/hive/.hive/worktrees/anna/workspace/Tests/WorkspaceCoreTests/Fixtures-dense/queen-provider-corpus.json
    /Users/scottkellar/Projects/hive/.hive/worktrees/anna/workspace/Tests/WorkspaceCoreTests/Fixtures-dense/memory-overview-corpus.json
    /Users/scottkellar/Projects/hive/.hive/worktrees/anna/workspace/Tests/WorkspaceCoreTests/Fixtures-dense/inspector-declared-contracts-corpus.json
    /Users/scottkellar/Projects/hive/.hive/worktrees/anna/workspace/Tests/WorkspaceCoreTests/Fixtures-dense/model-control-corpus.json
    /Users/scottkellar/Projects/hive/.hive/worktrees/anna/workspace/Tests/WorkspaceCoreTests/Fixtures-dense/memory-library-corpus.json
    /Users/scottkellar/Projects/hive/.hive/worktrees/anna/workspace/Tests/WorkspaceCoreTests/Fixtures-dense/quota-evidence.json
    /Users/scottkellar/Projects/hive/.hive/worktrees/anna/workspace/Tests/WorkspaceCoreTests/Fixtures-dense/workspace-snapshot-v2-corpus.json
    /Users/scottkellar/Projects/hive/.hive/worktrees/anna/workspace/Tests/WorkspaceCoreTests/Fixtures-dense/hierarchy-projection-v2-corpus.json
    /Users/scottkellar/Projects/hive/.hive/worktrees/anna/workspace/Tests/WorkspaceCoreTests/Fixtures-dense/routing-inspection-corpus.json
    /Users/scottkellar/Projects/hive/.hive/worktrees/anna/workspace/Tests/WorkspaceCoreTests/Fixtures-dense/memory-recall-corpus.json
    /Users/scottkellar/Projects/hive/.hive/worktrees/anna/workspace/Tests/WorkspaceCoreTests/Fixtures-dense/inspector-events-corpus.json
    /Users/scottkellar/Projects/hive/.hive/worktrees/anna/workspace/Tests/WorkspaceCoreTests/Fixtures-dense/memory-maintenance-corpus.json
    /Users/scottkellar/Projects/hive/.hive/worktrees/anna/workspace/Tests/WorkspaceCoreTests/Fixtures-dense/shell-absent-screens-corpus.json
[0/1] Planning build
Building for debugging...
[0/14] Write swift-version--58304C5D6DBC2206.txt
Build complete! (0.25s)
Test Suite 'Selected tests' started at 2026-08-01 23:14:43.348.
Test Suite 'HiveWorkspacePackageTests.xctest' started at 2026-08-01 23:14:43.349.
Test Suite 'WorkspaceShellViewTests' started at 2026-08-01 23:14:43.349.
Test Case '-[HiveWorkspaceTests.WorkspaceShellViewTests testAvailabilityBannerStatesAreExercised]' started.
Test Case '-[HiveWorkspaceTests.WorkspaceShellViewTests testAvailabilityBannerStatesAreExercised]' passed (0.326 seconds).
Test Case '-[HiveWorkspaceTests.WorkspaceShellViewTests testContextBlockIsReadOnly]' started.
Test Case '-[HiveWorkspaceTests.WorkspaceShellViewTests testContextBlockIsReadOnly]' passed (0.044 seconds).
Test Case '-[HiveWorkspaceTests.WorkspaceShellViewTests testDenseScreenFillsEveryWindowWidthItIsGiven]' started.
Test Case '-[HiveWorkspaceTests.WorkspaceShellViewTests testDenseScreenFillsEveryWindowWidthItIsGiven]' passed (1.720 seconds).
Test Case '-[HiveWorkspaceTests.WorkspaceShellViewTests testDenseScreenScrollsInsideTheRequestedWindowSize]' started.
Test Case '-[HiveWorkspaceTests.WorkspaceShellViewTests testDenseScreenScrollsInsideTheRequestedWindowSize]' passed (0.784 seconds).
Test Case '-[HiveWorkspaceTests.WorkspaceShellViewTests testDrawerOrdersSeverityThenAge]' started.
Test Case '-[HiveWorkspaceTests.WorkspaceShellViewTests testDrawerOrdersSeverityThenAge]' passed (0.038 seconds).
Test Case '-[HiveWorkspaceTests.WorkspaceShellViewTests testDrawerTogglesFromTheMenuCommandAndShowsItsEmptyState]' started.
Test Case '-[HiveWorkspaceTests.WorkspaceShellViewTests testDrawerTogglesFromTheMenuCommandAndShowsItsEmptyState]' passed (0.037 seconds).
Test Case '-[HiveWorkspaceTests.WorkspaceShellViewTests testInspectorFixtureMatrixRendersDenseEmptyUnknownAndRefusalStates]' started.
Test Case '-[HiveWorkspaceTests.WorkspaceShellViewTests testInspectorFixtureMatrixRendersDenseEmptyUnknownAndRefusalStates]' passed (0.167 seconds).
Test Case '-[HiveWorkspaceTests.WorkspaceShellViewTests testInspectorMenuShortcutIsOptionCommandI]' started.
Test Case '-[HiveWorkspaceTests.WorkspaceShellViewTests testInspectorMenuShortcutIsOptionCommandI]' passed (0.029 seconds).
Test Case '-[HiveWorkspaceTests.WorkspaceShellViewTests testInspectorRendersWireWordsAndDeclaredParticipants]' started.
Test Case '-[HiveWorkspaceTests.WorkspaceShellViewTests testInspectorRendersWireWordsAndDeclaredParticipants]' passed (0.038 seconds).
Test Case '-[HiveWorkspaceTests.WorkspaceShellViewTests testInspectorTabsSwitchWithoutLeavingLiveRun]' started.
Test Case '-[HiveWorkspaceTests.WorkspaceShellViewTests testInspectorTabsSwitchWithoutLeavingLiveRun]' passed (0.060 seconds).
Test Case '-[HiveWorkspaceTests.WorkspaceShellViewTests testInspectorTogglesFromTheMenuCommandAndShowsTaskPane]' started.
Test Case '-[HiveWorkspaceTests.WorkspaceShellViewTests testInspectorTogglesFromTheMenuCommandAndShowsTaskPane]' passed (0.047 seconds).
Test Case '-[HiveWorkspaceTests.WorkspaceShellViewTests testKeyboardFocusReachesSidebarMenusAndDrawer]' started.
Test Case '-[HiveWorkspaceTests.WorkspaceShellViewTests testKeyboardFocusReachesSidebarMenusAndDrawer]' passed (0.037 seconds).
Test Case '-[HiveWorkspaceTests.WorkspaceShellViewTests testLiveRunFillsItsViewportWithoutManufacturingScroll]' started.
Test Case '-[HiveWorkspaceTests.WorkspaceShellViewTests testLiveRunFillsItsViewportWithoutManufacturingScroll]' passed (0.058 seconds).
Test Case '-[HiveWorkspaceTests.WorkspaceShellViewTests testModelsQuotaRendersEightDistinctEvidenceStates]' started.
Test Case '-[HiveWorkspaceTests.WorkspaceShellViewTests testModelsQuotaRendersEightDistinctEvidenceStates]' passed (0.309 seconds).
Test Case '-[HiveWorkspaceTests.WorkspaceShellViewTests testRouterAndModelsExerciseAllSevenAvailabilityStates]' started.
Test Case '-[HiveWorkspaceTests.WorkspaceShellViewTests testRouterAndModelsExerciseAllSevenAvailabilityStates]' passed (0.900 seconds).
Test Case '-[HiveWorkspaceTests.WorkspaceShellViewTests testScreenRouterHostsOneScreenAtATime]' started.
Test Case '-[HiveWorkspaceTests.WorkspaceShellViewTests testScreenRouterHostsOneScreenAtATime]' passed (0.071 seconds).
Test Case '-[HiveWorkspaceTests.WorkspaceShellViewTests testShellRendersTheSnapshotFixtureThroughTheProjectionTypes]' started.
Test Case '-[HiveWorkspaceTests.WorkspaceShellViewTests testShellRendersTheSnapshotFixtureThroughTheProjectionTypes]' passed (0.033 seconds).
Test Case '-[HiveWorkspaceTests.WorkspaceShellViewTests testSidebarHasEveryNavButtonWithRealAccessibilityLabels]' started.
Test Case '-[HiveWorkspaceTests.WorkspaceShellViewTests testSidebarHasEveryNavButtonWithRealAccessibilityLabels]' passed (0.163 seconds).
Test Case '-[HiveWorkspaceTests.WorkspaceShellViewTests testSparseScreenFillsItsViewportWithoutManufacturingScroll]' started.
Test Case '-[HiveWorkspaceTests.WorkspaceShellViewTests testSparseScreenFillsItsViewportWithoutManufacturingScroll]' passed (0.041 seconds).
Test Case '-[HiveWorkspaceTests.WorkspaceShellViewTests testTaskRouterRendersStoredWeightsAndConfiguredVersusLiveShares]' started.
Test Case '-[HiveWorkspaceTests.WorkspaceShellViewTests testTaskRouterRendersStoredWeightsAndConfiguredVersusLiveShares]' passed (0.099 seconds).
Test Case '-[HiveWorkspaceTests.WorkspaceShellViewTests testUnwiredScreensStateWhatIsAbsentAndWhy]' started.
Test Case '-[HiveWorkspaceTests.WorkspaceShellViewTests testUnwiredScreensStateWhatIsAbsentAndWhy]' passed (0.051 seconds).
Test Case '-[HiveWorkspaceTests.WorkspaceShellViewTests testVisibleWindowKeepsItsRequestedSizeAfterLayout]' started.
Test Case '-[HiveWorkspaceTests.WorkspaceShellViewTests testVisibleWindowKeepsItsRequestedSizeAfterLayout]' passed (0.246 seconds).
Test Suite 'WorkspaceShellViewTests' passed at 2026-08-01 23:14:48.648.
	 Executed 22 tests, with 0 failures (0 unexpected) in 5.297 (5.299) seconds
Test Suite 'HiveWorkspacePackageTests.xctest' passed at 2026-08-01 23:14:48.648.
	 Executed 22 tests, with 0 failures (0 unexpected) in 5.297 (5.299) seconds
Test Suite 'Selected tests' passed at 2026-08-01 23:14:48.648.
	 Executed 22 tests, with 0 failures (0 unexpected) in 5.297 (5.299) seconds
◇ Test run started.
↳ Testing Library Version: 1902
↳ Target Platform: arm64e-apple-macos14.0
◇ Suite "Live Run workbench" started.
◇ Suite "Live Run projection" started.
◇ Test "Run hierarchy rows use a top-origin clip view" started.
◇ Test "A terminal locator must be bound to the exact nonempty agent and instance" started.
◇ Test "An incomplete locator stays visible as unknown and never attachable" started.
◇ Test "An unavailable feed withdraws the visible exact terminal" started.
◇ Test "Repeated snapshots keep rail rows and publish only exact identity changes" started.
◇ Test "Five background rows stay typed-only and unavailable controls say unknown" started.
◇ Test "A mismatched locator subject never reaches the terminal factory" started.
◇ Test "Maps all five providers without creating terminal facts for absent contracts" started.
◇ Test "Strictly refuses an unknown workspace-feed schema version" started.
◇ Test "Leaving Live Run detaches its viewer and returning creates a fresh one" started.
◇ Test "Switching sessions replaces one exact surface without closing a session" started.
✔ Test "A terminal locator must be bound to the exact nonempty agent and instance" passed after 0.001 seconds.
✔ Test "An incomplete locator stays visible as unknown and never attachable" passed after 0.001 seconds.
✔ Test "Maps all five providers without creating terminal facts for absent contracts" passed after 0.001 seconds.
✔ Test "Strictly refuses an unknown workspace-feed schema version" passed after 0.001 seconds.
✔ Suite "Live Run projection" passed after 0.001 seconds.
✔ Test "Run hierarchy rows use a top-origin clip view" passed after 0.049 seconds.
✔ Test "Five background rows stay typed-only and unavailable controls say unknown" passed after 0.075 seconds.
✔ Test "A mismatched locator subject never reaches the terminal factory" passed after 0.075 seconds.
✔ Test "Switching sessions replaces one exact surface without closing a session" passed after 0.075 seconds.
✔ Test "Repeated snapshots keep rail rows and publish only exact identity changes" passed after 0.075 seconds.
✔ Test "An unavailable feed withdraws the visible exact terminal" passed after 0.075 seconds.
✔ Test "Leaving Live Run detaches its viewer and returning creates a fresh one" passed after 0.075 seconds.
✔ Suite "Live Run workbench" passed after 0.076 seconds.
✔ Test run with 11 tests in 2 suites passed after 0.076 seconds.
