Building for debugging...
[0/15] Write sources
[1/15] Write swift-version--58304C5D6DBC2206.txt
[3/7] Emitting module HiveWorkspace
[4/7] Compiling HiveWorkspace WorkspaceShellWindowController.swift
[4/9] Write Objects.LinkFileList
[5/9] Linking HiveWorkspace
[6/9] Applying HiveWorkspace
[8/10] Emitting module HiveWorkspaceTests
[8/10] Write Objects.LinkFileList
[9/10] Linking HiveWorkspacePackageTests
Build complete! (1.99s)
Test Suite 'Selected tests' started at 2026-08-01 22:14:23.308.
Test Suite 'HiveWorkspacePackageTests.xctest' started at 2026-08-01 22:14:23.308.
Test Suite 'WorkspaceShellViewTests' started at 2026-08-01 22:14:23.308.
Test Case '-[HiveWorkspaceTests.WorkspaceShellViewTests testDenseScreenFillsEveryWindowWidthItIsGiven]' started.
/Users/scottkellar/Projects/hive/.hive/worktrees/anna/workspace/Tests/HiveWorkspaceTests/WorkspaceShellViewTests.swift:335: error: -[HiveWorkspaceTests.WorkspaceShellViewTests testDenseScreenFillsEveryWindowWidthItIsGiven] : XCTAssertEqualWithAccuracy failed: ("1230.5") is not equal to ("715.0") +/- ("1.0") - the scrolled document must match its viewport at 940.0
/Users/scottkellar/Projects/hive/.hive/worktrees/anna/workspace/Tests/HiveWorkspaceTests/WorkspaceShellViewTests.swift:335: error: -[HiveWorkspaceTests.WorkspaceShellViewTests testDenseScreenFillsEveryWindowWidthItIsGiven] : XCTAssertEqualWithAccuracy failed: ("624.0") is not equal to ("875.0") +/- ("1.0") - the scrolled document must match its viewport at 1100.0
/Users/scottkellar/Projects/hive/.hive/worktrees/anna/workspace/Tests/HiveWorkspaceTests/WorkspaceShellViewTests.swift:335: error: -[HiveWorkspaceTests.WorkspaceShellViewTests testDenseScreenFillsEveryWindowWidthItIsGiven] : XCTAssertEqualWithAccuracy failed: ("624.0") is not equal to ("1503.0") +/- ("1.0") - the scrolled document must match its viewport at 1728.0
/Users/scottkellar/Projects/hive/.hive/worktrees/anna/workspace/Tests/HiveWorkspaceTests/WorkspaceShellViewTests.swift:335: error: -[HiveWorkspaceTests.WorkspaceShellViewTests testDenseScreenFillsEveryWindowWidthItIsGiven] : XCTAssertEqualWithAccuracy failed: ("624.0") is not equal to ("2335.0") +/- ("1.0") - the scrolled document must match its viewport at 2560.0
Test Case '-[HiveWorkspaceTests.WorkspaceShellViewTests testDenseScreenFillsEveryWindowWidthItIsGiven]' failed (2.436 seconds).
Test Suite 'WorkspaceShellViewTests' failed at 2026-08-01 22:14:25.744.
	 Executed 1 test, with 4 failures (0 unexpected) in 2.436 (2.436) seconds
Test Suite 'HiveWorkspacePackageTests.xctest' failed at 2026-08-01 22:14:25.744.
	 Executed 1 test, with 4 failures (0 unexpected) in 2.436 (2.436) seconds
Test Suite 'Selected tests' failed at 2026-08-01 22:14:25.745.
	 Executed 1 test, with 4 failures (0 unexpected) in 2.436 (2.437) seconds
◇ Test run started.
↳ Testing Library Version: 1902
↳ Target Platform: arm64e-apple-macos14.0
✔ Test run with 0 tests in 0 suites passed after 0.001 seconds.
