Building for debugging...
[0/15] Write sources
[1/15] Write swift-version--58304C5D6DBC2206.txt
[3/7] Emitting module HiveWorkspace
[4/7] Compiling HiveWorkspace WorkspaceShellWindowController.swift
[4/9] Write Objects.LinkFileList
[5/9] Linking HiveWorkspace
[6/9] Applying HiveWorkspace
[8/10] Emitting module HiveWorkspaceTests
[8/10] Write Objects.LinkFileList
[9/10] Linking HiveWorkspacePackageTests
Build complete! (2.01s)
Test Suite 'Selected tests' started at 2026-08-01 22:14:35.564.
Test Suite 'HiveWorkspacePackageTests.xctest' started at 2026-08-01 22:14:35.565.
Test Suite 'WorkspaceShellViewTests' started at 2026-08-01 22:14:35.565.
Test Case '-[HiveWorkspaceTests.WorkspaceShellViewTests testLiveRunFillsItsViewportWithoutManufacturingScroll]' started.
/Users/scottkellar/Projects/hive/.hive/worktrees/anna/workspace/Tests/HiveWorkspaceTests/WorkspaceShellViewTests.swift:421: error: -[HiveWorkspaceTests.WorkspaceShellViewTests testLiveRunFillsItsViewportWithoutManufacturingScroll] : XCTAssertEqualWithAccuracy failed: ("1005.0") is not equal to ("900.0") +/- ("1.0") - Live Run pins its document to the viewport it is given
/Users/scottkellar/Projects/hive/.hive/worktrees/anna/workspace/Tests/HiveWorkspaceTests/WorkspaceShellViewTests.swift:433: error: -[HiveWorkspaceTests.WorkspaceShellViewTests testLiveRunFillsItsViewportWithoutManufacturingScroll] : XCTAssertEqualWithAccuracy failed: ("105.0") is not equal to ("0.0") +/- ("0.5") - Live Run has nowhere to scroll
Test Case '-[HiveWorkspaceTests.WorkspaceShellViewTests testLiveRunFillsItsViewportWithoutManufacturingScroll]' failed (0.341 seconds).
Test Suite 'WorkspaceShellViewTests' failed at 2026-08-01 22:14:35.906.
	 Executed 1 test, with 2 failures (0 unexpected) in 0.341 (0.341) seconds
Test Suite 'HiveWorkspacePackageTests.xctest' failed at 2026-08-01 22:14:35.906.
	 Executed 1 test, with 2 failures (0 unexpected) in 0.341 (0.341) seconds
Test Suite 'Selected tests' failed at 2026-08-01 22:14:35.906.
	 Executed 1 test, with 2 failures (0 unexpected) in 0.341 (0.342) seconds
◇ Test run started.
↳ Testing Library Version: 1902
↳ Target Platform: arm64e-apple-macos14.0
✔ Test run with 0 tests in 0 suites passed after 0.001 seconds.
