Building for debugging...
[0/15] Write sources
[1/15] Write swift-version--58304C5D6DBC2206.txt
[3/7] Compiling HiveWorkspace WorkspaceShellWindowController.swift
[4/7] Emitting module HiveWorkspace
[4/9] Write Objects.LinkFileList
[5/9] Linking HiveWorkspace
[6/9] Applying HiveWorkspace
[8/10] Emitting module HiveWorkspaceTests
[8/10] Write Objects.LinkFileList
[9/10] Linking HiveWorkspacePackageTests
Build complete! (1.99s)
Test Suite 'Selected tests' started at 2026-08-01 22:14:38.571.
Test Suite 'HiveWorkspacePackageTests.xctest' started at 2026-08-01 22:14:38.571.
Test Suite 'WorkspaceShellViewTests' started at 2026-08-01 22:14:38.571.
Test Case '-[HiveWorkspaceTests.WorkspaceShellViewTests testSparseScreenFillsItsViewportWithoutManufacturingScroll]' started.
/Users/scottkellar/Projects/hive/.hive/worktrees/anna/workspace/Tests/HiveWorkspaceTests/WorkspaceShellViewTests.swift:392: error: -[HiveWorkspaceTests.WorkspaceShellViewTests testSparseScreenFillsItsViewportWithoutManufacturingScroll] : XCTAssertEqualWithAccuracy failed: ("237.0") is not equal to ("900.0") +/- ("1.0") - the panel reaches the document's bottom, so no window shows through
Test Case '-[HiveWorkspaceTests.WorkspaceShellViewTests testSparseScreenFillsItsViewportWithoutManufacturingScroll]' failed (0.317 seconds).
Test Suite 'WorkspaceShellViewTests' failed at 2026-08-01 22:14:38.889.
	 Executed 1 test, with 1 failure (0 unexpected) in 0.317 (0.317) seconds
Test Suite 'HiveWorkspacePackageTests.xctest' failed at 2026-08-01 22:14:38.889.
	 Executed 1 test, with 1 failure (0 unexpected) in 0.317 (0.317) seconds
Test Suite 'Selected tests' failed at 2026-08-01 22:14:38.889.
	 Executed 1 test, with 1 failure (0 unexpected) in 0.317 (0.318) seconds
◇ Test run started.
↳ Testing Library Version: 1902
↳ Target Platform: arm64e-apple-macos14.0
✔ Test run with 0 tests in 0 suites passed after 0.001 seconds.
