warning: 'workspace': found 14 file(s) which are unhandled; explicitly declare them as resources or exclude from the target
    /Users/scottkellar/Projects/hive/.hive/worktrees/anna/workspace/Tests/WorkspaceCoreTests/Fixtures-dense/shell-absent-screens-corpus.json
    /Users/scottkellar/Projects/hive/.hive/worktrees/anna/workspace/Tests/WorkspaceCoreTests/Fixtures-dense/workspace-snapshot-v2-corpus.json
    /Users/scottkellar/Projects/hive/.hive/worktrees/anna/workspace/Tests/WorkspaceCoreTests/Fixtures-dense/memory-recall-corpus.json
    /Users/scottkellar/Projects/hive/.hive/worktrees/anna/workspace/Tests/WorkspaceCoreTests/Fixtures-dense/memory-maintenance-corpus.json
    /Users/scottkellar/Projects/hive/.hive/worktrees/anna/workspace/Tests/WorkspaceCoreTests/Fixtures-dense/quota-evidence.json
    /Users/scottkellar/Projects/hive/.hive/worktrees/anna/workspace/Tests/WorkspaceCoreTests/Fixtures-dense/memory-overview-corpus.json
    /Users/scottkellar/Projects/hive/.hive/worktrees/anna/workspace/Tests/WorkspaceCoreTests/Fixtures-dense/routing-policy-corpus.json
    /Users/scottkellar/Projects/hive/.hive/worktrees/anna/workspace/Tests/WorkspaceCoreTests/Fixtures-dense/routing-inspection-corpus.json
    /Users/scottkellar/Projects/hive/.hive/worktrees/anna/workspace/Tests/WorkspaceCoreTests/Fixtures-dense/memory-library-corpus.json
    /Users/scottkellar/Projects/hive/.hive/worktrees/anna/workspace/Tests/WorkspaceCoreTests/Fixtures-dense/inspector-events-corpus.json
    /Users/scottkellar/Projects/hive/.hive/worktrees/anna/workspace/Tests/WorkspaceCoreTests/Fixtures-dense/queen-provider-corpus.json
    /Users/scottkellar/Projects/hive/.hive/worktrees/anna/workspace/Tests/WorkspaceCoreTests/Fixtures-dense/model-control-corpus.json
    /Users/scottkellar/Projects/hive/.hive/worktrees/anna/workspace/Tests/WorkspaceCoreTests/Fixtures-dense/hierarchy-projection-v2-corpus.json
    /Users/scottkellar/Projects/hive/.hive/worktrees/anna/workspace/Tests/WorkspaceCoreTests/Fixtures-dense/inspector-declared-contracts-corpus.json
[0/1] Planning build
Building for debugging...
[0/15] Write sources
[1/15] Write swift-version--58304C5D6DBC2206.txt
[3/7] Emitting module HiveWorkspace
[4/7] Compiling HiveWorkspace WorkspaceShellWindowController.swift
[4/9] Write Objects.LinkFileList
[5/9] Linking HiveWorkspace
[6/9] Applying HiveWorkspace
[8/10] Emitting module HiveWorkspaceTests
[8/10] Write Objects.LinkFileList
[9/10] Linking HiveWorkspacePackageTests
Build complete! (2.63s)
Test Suite 'Selected tests' started at 2026-08-01 22:14:18.074.
Test Suite 'HiveWorkspacePackageTests.xctest' started at 2026-08-01 22:14:18.074.
Test Suite 'WorkspaceShellViewTests' started at 2026-08-01 22:14:18.074.
Test Case '-[HiveWorkspaceTests.WorkspaceShellViewTests testDenseScreenFillsEveryWindowWidthItIsGiven]' started.
/Users/scottkellar/Projects/hive/.hive/worktrees/anna/workspace/Tests/HiveWorkspaceTests/WorkspaceShellViewTests.swift:332: error: -[HiveWorkspaceTests.WorkspaceShellViewTests testDenseScreenFillsEveryWindowWidthItIsGiven] : XCTAssertEqualWithAccuracy failed: ("624.0") is not equal to ("875.0") +/- ("1.0") - the screen must take every point the sidebar leaves at 1100.0
/Users/scottkellar/Projects/hive/.hive/worktrees/anna/workspace/Tests/HiveWorkspaceTests/WorkspaceShellViewTests.swift:332: error: -[HiveWorkspaceTests.WorkspaceShellViewTests testDenseScreenFillsEveryWindowWidthItIsGiven] : XCTAssertEqualWithAccuracy failed: ("624.0") is not equal to ("1503.0") +/- ("1.0") - the screen must take every point the sidebar leaves at 1728.0
/Users/scottkellar/Projects/hive/.hive/worktrees/anna/workspace/Tests/HiveWorkspaceTests/WorkspaceShellViewTests.swift:332: error: -[HiveWorkspaceTests.WorkspaceShellViewTests testDenseScreenFillsEveryWindowWidthItIsGiven] : XCTAssertEqualWithAccuracy failed: ("624.0") is not equal to ("2335.0") +/- ("1.0") - the screen must take every point the sidebar leaves at 2560.0
Test Case '-[HiveWorkspaceTests.WorkspaceShellViewTests testDenseScreenFillsEveryWindowWidthItIsGiven]' failed (2.589 seconds).
Test Suite 'WorkspaceShellViewTests' failed at 2026-08-01 22:14:20.664.
	 Executed 1 test, with 3 failures (0 unexpected) in 2.589 (2.589) seconds
Test Suite 'HiveWorkspacePackageTests.xctest' failed at 2026-08-01 22:14:20.664.
	 Executed 1 test, with 3 failures (0 unexpected) in 2.589 (2.589) seconds
Test Suite 'Selected tests' failed at 2026-08-01 22:14:20.664.
	 Executed 1 test, with 3 failures (0 unexpected) in 2.589 (2.590) seconds
◇ Test run started.
↳ Testing Library Version: 1902
↳ Target Platform: arm64e-apple-macos14.0
✔ Test run with 0 tests in 0 suites passed after 0.001 seconds.
